## 2026-05-17T17:04:33Z
description: Migrate current config to Linux 6.18.32 defaults
cwd: /home/azureuser/KernelSlim/sources/linux-6.18.32
command: make olddefconfig

  HOSTCC  scripts/basic/fixdep
  HOSTCC  scripts/kconfig/conf.o
  HOSTCC  scripts/kconfig/confdata.o
  HOSTCC  scripts/kconfig/expr.o
  LEX     scripts/kconfig/lexer.lex.c
  YACC    scripts/kconfig/parser.tab.[ch]
  HOSTCC  scripts/kconfig/lexer.lex.o
  HOSTCC  scripts/kconfig/menu.o
  HOSTCC  scripts/kconfig/parser.tab.o
  HOSTCC  scripts/kconfig/preprocess.o
  HOSTCC  scripts/kconfig/symbol.o
  HOSTCC  scripts/kconfig/util.o
  HOSTLD  scripts/kconfig/conf
.config:12625:warning: symbol value 'm' invalid for ANDROID_BINDER_IPC
.config:12626:warning: symbol value 'm' invalid for ANDROID_BINDERFS
.config:13820:warning: symbol value 'm' invalid for CRYPTO_LIB_CURVE25519_GENERIC
.config:13826:warning: symbol value 'm' invalid for CRYPTO_LIB_POLY1305_GENERIC
#
# configuration written to .config
#

exit_code: 0

## 2026-05-17T17:04:41Z
description: Save 01 migrated olddefconfig copy
cwd: /home/azureuser/KernelSlim
command: cp sources/linux-6.18.32/.config configs/01-olddefconfig-6.18.32.config


exit_code: 0

## 2026-05-17T17:04:54Z
description: Apply conservative VM and container config policy
cwd: /home/azureuser/KernelSlim/sources/linux-6.18.32
command: bash -lc set\ -x\;\ scripts/config\ --set-str\ LOCALVERSION\ \"-kernelslim-conservative\"\ --disable\ DEBUG_INFO\ --disable\ DEBUG_INFO_BTF\ --disable\ DEBUG_INFO_DWARF_TOOLCHAIN_DEFAULT\ --set-str\ SYSTEM_TRUSTED_KEYS\ \"\"\ --set-str\ SYSTEM_REVOCATION_KEYS\ \"\"\ --enable\ CGROUPS\ --enable\ CGROUP_BPF\ --enable\ CGROUP_PIDS\ --enable\ CGROUP_FREEZER\ --enable\ CPUSETS\ --enable\ MEMCG\ --enable\ BLK_CGROUP\ --enable\ NAMESPACES\ --enable\ UTS_NS\ --enable\ IPC_NS\ --enable\ USER_NS\ --enable\ PID_NS\ --enable\ NET_NS\ --enable\ SECCOMP\ --enable\ SECCOMP_FILTER\ --enable\ BPF\ --enable\ BPF_SYSCALL\ --enable\ BPF_JIT\ --enable\ OVERLAY_FS\ --enable\ BRIDGE\ --module\ VETH\ --module\ TUN\ --enable\ NETFILTER\ --enable\ NF_TABLES\ --module\ NF_NAT\ --module\ NF_CONNTRACK\ --module\ IP_NF_IPTABLES\ --module\ IP_NF_FILTER\ --module\ IP_NF_NAT\ --module\ IP6_NF_IPTABLES\ --module\ IP6_NF_FILTER\ --module\ IP6_NF_NAT\ --enable\ VIRTIO\ --enable\ VIRTIO_PCI\ --enable\ VIRTIO_BLK\ --enable\ VIRTIO_NET\ --module\ SCSI_VIRTIO\ --enable\ BLK_DEV_NVME\ --enable\ NVME_CORE\ --module\ ENA_ETHERNET\ --module\ GVE\ --module\ HYPERV_NET\ --module\ HYPERV_STORAGE\ --module\ MICROSOFT_MANA\ --enable\ EFI\ --enable\ EFI_STUB\ --enable\ EXT4_FS\;\ make\ olddefconfig

+ scripts/config --set-str LOCALVERSION -kernelslim-conservative --disable DEBUG_INFO --disable DEBUG_INFO_BTF --disable DEBUG_INFO_DWARF_TOOLCHAIN_DEFAULT --set-str SYSTEM_TRUSTED_KEYS '' --set-str SYSTEM_REVOCATION_KEYS '' --enable CGROUPS --enable CGROUP_BPF --enable CGROUP_PIDS --enable CGROUP_FREEZER --enable CPUSETS --enable MEMCG --enable BLK_CGROUP --enable NAMESPACES --enable UTS_NS --enable IPC_NS --enable USER_NS --enable PID_NS --enable NET_NS --enable SECCOMP --enable SECCOMP_FILTER --enable BPF --enable BPF_SYSCALL --enable BPF_JIT --enable OVERLAY_FS --enable BRIDGE --module VETH --module TUN --enable NETFILTER --enable NF_TABLES --module NF_NAT --module NF_CONNTRACK --module IP_NF_IPTABLES --module IP_NF_FILTER --module IP_NF_NAT --module IP6_NF_IPTABLES --module IP6_NF_FILTER --module IP6_NF_NAT --enable VIRTIO --enable VIRTIO_PCI --enable VIRTIO_BLK --enable VIRTIO_NET --module SCSI_VIRTIO --enable BLK_DEV_NVME --enable NVME_CORE --module ENA_ETHERNET --module GVE --module HYPERV_NET --module HYPERV_STORAGE --module MICROSOFT_MANA --enable EFI --enable EFI_STUB --enable EXT4_FS
+ make olddefconfig
#
# configuration written to .config
#

exit_code: 0

## 2026-05-17T17:05:00Z
description: Save 02 conservative config copy
cwd: /home/azureuser/KernelSlim
command: cp sources/linux-6.18.32/.config configs/02-conservative-vm-containers-6.18.32.config


exit_code: 0

## 2026-05-17T17:05:05Z
description: Summarize conservative config size and key settings
cwd: /home/azureuser/KernelSlim
command: bash -lc set\ -x\;\ wc\ -l\ configs/\*.config\;\ scripts=./sources/linux-6.18.32/scripts/config\;\ for\ opt\ in\ LOCALVERSION\ CGROUPS\ CGROUP_BPF\ NAMESPACES\ USER_NS\ NET_NS\ SECCOMP\ BPF_SYSCALL\ OVERLAY_FS\ BRIDGE\ VETH\ TUN\ NF_TABLES\ VIRTIO_PCI\ VIRTIO_BLK\ VIRTIO_NET\ BLK_DEV_NVME\ ENA_ETHERNET\ GVE\ HYPERV_NET\ MICROSOFT_MANA\ EFI_STUB\ DEBUG_INFO\ DEBUG_INFO_BTF\;\ do\ grep\ -E\ \"\^\(CONFIG_\$\{opt\}=\|#\ CONFIG_\$\{opt\}\ is\ not\ set\)\"\ configs/02-conservative-vm-containers-6.18.32.config\ \|\|\ true\;\ done

+ wc -l configs/00-current-host-6.17.0-1013-azure.config configs/01-olddefconfig-6.18.32.config configs/02-conservative-vm-containers-6.18.32.config
  14432 configs/00-current-host-6.17.0-1013-azure.config
  14521 configs/01-olddefconfig-6.18.32.config
  14515 configs/02-conservative-vm-containers-6.18.32.config
  43468 total
+ scripts=./sources/linux-6.18.32/scripts/config
+ for opt in LOCALVERSION CGROUPS CGROUP_BPF NAMESPACES USER_NS NET_NS SECCOMP BPF_SYSCALL OVERLAY_FS BRIDGE VETH TUN NF_TABLES VIRTIO_PCI VIRTIO_BLK VIRTIO_NET BLK_DEV_NVME ENA_ETHERNET GVE HYPERV_NET MICROSOFT_MANA EFI_STUB DEBUG_INFO DEBUG_INFO_BTF
+ grep -E '^(CONFIG_LOCALVERSION=|# CONFIG_LOCALVERSION is not set)' configs/02-conservative-vm-containers-6.18.32.config
CONFIG_LOCALVERSION="-kernelslim-conservative"
+ for opt in LOCALVERSION CGROUPS CGROUP_BPF NAMESPACES USER_NS NET_NS SECCOMP BPF_SYSCALL OVERLAY_FS BRIDGE VETH TUN NF_TABLES VIRTIO_PCI VIRTIO_BLK VIRTIO_NET BLK_DEV_NVME ENA_ETHERNET GVE HYPERV_NET MICROSOFT_MANA EFI_STUB DEBUG_INFO DEBUG_INFO_BTF
+ grep -E '^(CONFIG_CGROUPS=|# CONFIG_CGROUPS is not set)' configs/02-conservative-vm-containers-6.18.32.config
CONFIG_CGROUPS=y
+ for opt in LOCALVERSION CGROUPS CGROUP_BPF NAMESPACES USER_NS NET_NS SECCOMP BPF_SYSCALL OVERLAY_FS BRIDGE VETH TUN NF_TABLES VIRTIO_PCI VIRTIO_BLK VIRTIO_NET BLK_DEV_NVME ENA_ETHERNET GVE HYPERV_NET MICROSOFT_MANA EFI_STUB DEBUG_INFO DEBUG_INFO_BTF
+ grep -E '^(CONFIG_CGROUP_BPF=|# CONFIG_CGROUP_BPF is not set)' configs/02-conservative-vm-containers-6.18.32.config
CONFIG_CGROUP_BPF=y
+ for opt in LOCALVERSION CGROUPS CGROUP_BPF NAMESPACES USER_NS NET_NS SECCOMP BPF_SYSCALL OVERLAY_FS BRIDGE VETH TUN NF_TABLES VIRTIO_PCI VIRTIO_BLK VIRTIO_NET BLK_DEV_NVME ENA_ETHERNET GVE HYPERV_NET MICROSOFT_MANA EFI_STUB DEBUG_INFO DEBUG_INFO_BTF
+ grep -E '^(CONFIG_NAMESPACES=|# CONFIG_NAMESPACES is not set)' configs/02-conservative-vm-containers-6.18.32.config
CONFIG_NAMESPACES=y
+ for opt in LOCALVERSION CGROUPS CGROUP_BPF NAMESPACES USER_NS NET_NS SECCOMP BPF_SYSCALL OVERLAY_FS BRIDGE VETH TUN NF_TABLES VIRTIO_PCI VIRTIO_BLK VIRTIO_NET BLK_DEV_NVME ENA_ETHERNET GVE HYPERV_NET MICROSOFT_MANA EFI_STUB DEBUG_INFO DEBUG_INFO_BTF
+ grep -E '^(CONFIG_USER_NS=|# CONFIG_USER_NS is not set)' configs/02-conservative-vm-containers-6.18.32.config
CONFIG_USER_NS=y
+ for opt in LOCALVERSION CGROUPS CGROUP_BPF NAMESPACES USER_NS NET_NS SECCOMP BPF_SYSCALL OVERLAY_FS BRIDGE VETH TUN NF_TABLES VIRTIO_PCI VIRTIO_BLK VIRTIO_NET BLK_DEV_NVME ENA_ETHERNET GVE HYPERV_NET MICROSOFT_MANA EFI_STUB DEBUG_INFO DEBUG_INFO_BTF
+ grep -E '^(CONFIG_NET_NS=|# CONFIG_NET_NS is not set)' configs/02-conservative-vm-containers-6.18.32.config
CONFIG_NET_NS=y
CONFIG_SECCOMP=y
+ for opt in LOCALVERSION CGROUPS CGROUP_BPF NAMESPACES USER_NS NET_NS SECCOMP BPF_SYSCALL OVERLAY_FS BRIDGE VETH TUN NF_TABLES VIRTIO_PCI VIRTIO_BLK VIRTIO_NET BLK_DEV_NVME ENA_ETHERNET GVE HYPERV_NET MICROSOFT_MANA EFI_STUB DEBUG_INFO DEBUG_INFO_BTF
+ grep -E '^(CONFIG_SECCOMP=|# CONFIG_SECCOMP is not set)' configs/02-conservative-vm-containers-6.18.32.config
+ for opt in LOCALVERSION CGROUPS CGROUP_BPF NAMESPACES USER_NS NET_NS SECCOMP BPF_SYSCALL OVERLAY_FS BRIDGE VETH TUN NF_TABLES VIRTIO_PCI VIRTIO_BLK VIRTIO_NET BLK_DEV_NVME ENA_ETHERNET GVE HYPERV_NET MICROSOFT_MANA EFI_STUB DEBUG_INFO DEBUG_INFO_BTF
+ grep -E '^(CONFIG_BPF_SYSCALL=|# CONFIG_BPF_SYSCALL is not set)' configs/02-conservative-vm-containers-6.18.32.config
CONFIG_BPF_SYSCALL=y
+ for opt in LOCALVERSION CGROUPS CGROUP_BPF NAMESPACES USER_NS NET_NS SECCOMP BPF_SYSCALL OVERLAY_FS BRIDGE VETH TUN NF_TABLES VIRTIO_PCI VIRTIO_BLK VIRTIO_NET BLK_DEV_NVME ENA_ETHERNET GVE HYPERV_NET MICROSOFT_MANA EFI_STUB DEBUG_INFO DEBUG_INFO_BTF
+ grep -E '^(CONFIG_OVERLAY_FS=|# CONFIG_OVERLAY_FS is not set)' configs/02-conservative-vm-containers-6.18.32.config
CONFIG_OVERLAY_FS=y
+ for opt in LOCALVERSION CGROUPS CGROUP_BPF NAMESPACES USER_NS NET_NS SECCOMP BPF_SYSCALL OVERLAY_FS BRIDGE VETH TUN NF_TABLES VIRTIO_PCI VIRTIO_BLK VIRTIO_NET BLK_DEV_NVME ENA_ETHERNET GVE HYPERV_NET MICROSOFT_MANA EFI_STUB DEBUG_INFO DEBUG_INFO_BTF
+ grep -E '^(CONFIG_BRIDGE=|# CONFIG_BRIDGE is not set)' configs/02-conservative-vm-containers-6.18.32.config
CONFIG_BRIDGE=y
+ for opt in LOCALVERSION CGROUPS CGROUP_BPF NAMESPACES USER_NS NET_NS SECCOMP BPF_SYSCALL OVERLAY_FS BRIDGE VETH TUN NF_TABLES VIRTIO_PCI VIRTIO_BLK VIRTIO_NET BLK_DEV_NVME ENA_ETHERNET GVE HYPERV_NET MICROSOFT_MANA EFI_STUB DEBUG_INFO DEBUG_INFO_BTF
+ grep -E '^(CONFIG_VETH=|# CONFIG_VETH is not set)' configs/02-conservative-vm-containers-6.18.32.config
CONFIG_VETH=m
+ for opt in LOCALVERSION CGROUPS CGROUP_BPF NAMESPACES USER_NS NET_NS SECCOMP BPF_SYSCALL OVERLAY_FS BRIDGE VETH TUN NF_TABLES VIRTIO_PCI VIRTIO_BLK VIRTIO_NET BLK_DEV_NVME ENA_ETHERNET GVE HYPERV_NET MICROSOFT_MANA EFI_STUB DEBUG_INFO DEBUG_INFO_BTF
+ grep -E '^(CONFIG_TUN=|# CONFIG_TUN is not set)' configs/02-conservative-vm-containers-6.18.32.config
CONFIG_TUN=m
+ for opt in LOCALVERSION CGROUPS CGROUP_BPF NAMESPACES USER_NS NET_NS SECCOMP BPF_SYSCALL OVERLAY_FS BRIDGE VETH TUN NF_TABLES VIRTIO_PCI VIRTIO_BLK VIRTIO_NET BLK_DEV_NVME ENA_ETHERNET GVE HYPERV_NET MICROSOFT_MANA EFI_STUB DEBUG_INFO DEBUG_INFO_BTF
+ grep -E '^(CONFIG_NF_TABLES=|# CONFIG_NF_TABLES is not set)' configs/02-conservative-vm-containers-6.18.32.config
CONFIG_NF_TABLES=y
+ for opt in LOCALVERSION CGROUPS CGROUP_BPF NAMESPACES USER_NS NET_NS SECCOMP BPF_SYSCALL OVERLAY_FS BRIDGE VETH TUN NF_TABLES VIRTIO_PCI VIRTIO_BLK VIRTIO_NET BLK_DEV_NVME ENA_ETHERNET GVE HYPERV_NET MICROSOFT_MANA EFI_STUB DEBUG_INFO DEBUG_INFO_BTF
+ grep -E '^(CONFIG_VIRTIO_PCI=|# CONFIG_VIRTIO_PCI is not set)' configs/02-conservative-vm-containers-6.18.32.config
CONFIG_VIRTIO_PCI=y
+ for opt in LOCALVERSION CGROUPS CGROUP_BPF NAMESPACES USER_NS NET_NS SECCOMP BPF_SYSCALL OVERLAY_FS BRIDGE VETH TUN NF_TABLES VIRTIO_PCI VIRTIO_BLK VIRTIO_NET BLK_DEV_NVME ENA_ETHERNET GVE HYPERV_NET MICROSOFT_MANA EFI_STUB DEBUG_INFO DEBUG_INFO_BTF
+ grep -E '^(CONFIG_VIRTIO_BLK=|# CONFIG_VIRTIO_BLK is not set)' configs/02-conservative-vm-containers-6.18.32.config
CONFIG_VIRTIO_BLK=y
+ for opt in LOCALVERSION CGROUPS CGROUP_BPF NAMESPACES USER_NS NET_NS SECCOMP BPF_SYSCALL OVERLAY_FS BRIDGE VETH TUN NF_TABLES VIRTIO_PCI VIRTIO_BLK VIRTIO_NET BLK_DEV_NVME ENA_ETHERNET GVE HYPERV_NET MICROSOFT_MANA EFI_STUB DEBUG_INFO DEBUG_INFO_BTF
+ grep -E '^(CONFIG_VIRTIO_NET=|# CONFIG_VIRTIO_NET is not set)' configs/02-conservative-vm-containers-6.18.32.config
CONFIG_VIRTIO_NET=y
+ for opt in LOCALVERSION CGROUPS CGROUP_BPF NAMESPACES USER_NS NET_NS SECCOMP BPF_SYSCALL OVERLAY_FS BRIDGE VETH TUN NF_TABLES VIRTIO_PCI VIRTIO_BLK VIRTIO_NET BLK_DEV_NVME ENA_ETHERNET GVE HYPERV_NET MICROSOFT_MANA EFI_STUB DEBUG_INFO DEBUG_INFO_BTF
+ grep -E '^(CONFIG_BLK_DEV_NVME=|# CONFIG_BLK_DEV_NVME is not set)' configs/02-conservative-vm-containers-6.18.32.config
CONFIG_BLK_DEV_NVME=y
+ for opt in LOCALVERSION CGROUPS CGROUP_BPF NAMESPACES USER_NS NET_NS SECCOMP BPF_SYSCALL OVERLAY_FS BRIDGE VETH TUN NF_TABLES VIRTIO_PCI VIRTIO_BLK VIRTIO_NET BLK_DEV_NVME ENA_ETHERNET GVE HYPERV_NET MICROSOFT_MANA EFI_STUB DEBUG_INFO DEBUG_INFO_BTF
+ grep -E '^(CONFIG_ENA_ETHERNET=|# CONFIG_ENA_ETHERNET is not set)' configs/02-conservative-vm-containers-6.18.32.config
CONFIG_ENA_ETHERNET=m
+ for opt in LOCALVERSION CGROUPS CGROUP_BPF NAMESPACES USER_NS NET_NS SECCOMP BPF_SYSCALL OVERLAY_FS BRIDGE VETH TUN NF_TABLES VIRTIO_PCI VIRTIO_BLK VIRTIO_NET BLK_DEV_NVME ENA_ETHERNET GVE HYPERV_NET MICROSOFT_MANA EFI_STUB DEBUG_INFO DEBUG_INFO_BTF
+ grep -E '^(CONFIG_GVE=|# CONFIG_GVE is not set)' configs/02-conservative-vm-containers-6.18.32.config
CONFIG_GVE=m
+ for opt in LOCALVERSION CGROUPS CGROUP_BPF NAMESPACES USER_NS NET_NS SECCOMP BPF_SYSCALL OVERLAY_FS BRIDGE VETH TUN NF_TABLES VIRTIO_PCI VIRTIO_BLK VIRTIO_NET BLK_DEV_NVME ENA_ETHERNET GVE HYPERV_NET MICROSOFT_MANA EFI_STUB DEBUG_INFO DEBUG_INFO_BTF
+ grep -E '^(CONFIG_HYPERV_NET=|# CONFIG_HYPERV_NET is not set)' configs/02-conservative-vm-containers-6.18.32.config
CONFIG_HYPERV_NET=m
+ for opt in LOCALVERSION CGROUPS CGROUP_BPF NAMESPACES USER_NS NET_NS SECCOMP BPF_SYSCALL OVERLAY_FS BRIDGE VETH TUN NF_TABLES VIRTIO_PCI VIRTIO_BLK VIRTIO_NET BLK_DEV_NVME ENA_ETHERNET GVE HYPERV_NET MICROSOFT_MANA EFI_STUB DEBUG_INFO DEBUG_INFO_BTF
+ grep -E '^(CONFIG_MICROSOFT_MANA=|# CONFIG_MICROSOFT_MANA is not set)' configs/02-conservative-vm-containers-6.18.32.config
CONFIG_MICROSOFT_MANA=m
+ for opt in LOCALVERSION CGROUPS CGROUP_BPF NAMESPACES USER_NS NET_NS SECCOMP BPF_SYSCALL OVERLAY_FS BRIDGE VETH TUN NF_TABLES VIRTIO_PCI VIRTIO_BLK VIRTIO_NET BLK_DEV_NVME ENA_ETHERNET GVE HYPERV_NET MICROSOFT_MANA EFI_STUB DEBUG_INFO DEBUG_INFO_BTF
+ grep -E '^(CONFIG_EFI_STUB=|# CONFIG_EFI_STUB is not set)' configs/02-conservative-vm-containers-6.18.32.config
CONFIG_EFI_STUB=y
+ for opt in LOCALVERSION CGROUPS CGROUP_BPF NAMESPACES USER_NS NET_NS SECCOMP BPF_SYSCALL OVERLAY_FS BRIDGE VETH TUN NF_TABLES VIRTIO_PCI VIRTIO_BLK VIRTIO_NET BLK_DEV_NVME ENA_ETHERNET GVE HYPERV_NET MICROSOFT_MANA EFI_STUB DEBUG_INFO DEBUG_INFO_BTF
+ grep -E '^(CONFIG_DEBUG_INFO=|# CONFIG_DEBUG_INFO is not set)' configs/02-conservative-vm-containers-6.18.32.config
CONFIG_DEBUG_INFO=y
+ for opt in LOCALVERSION CGROUPS CGROUP_BPF NAMESPACES USER_NS NET_NS SECCOMP BPF_SYSCALL OVERLAY_FS BRIDGE VETH TUN NF_TABLES VIRTIO_PCI VIRTIO_BLK VIRTIO_NET BLK_DEV_NVME ENA_ETHERNET GVE HYPERV_NET MICROSOFT_MANA EFI_STUB DEBUG_INFO DEBUG_INFO_BTF
+ grep -E '^(CONFIG_DEBUG_INFO_BTF=|# CONFIG_DEBUG_INFO_BTF is not set)' configs/02-conservative-vm-containers-6.18.32.config
# CONFIG_DEBUG_INFO_BTF is not set

exit_code: 0

## 2026-05-17T17:05:22Z
description: Disable debug info via Kconfig choice and save conservative no-debug copy
cwd: /home/azureuser/KernelSlim/sources/linux-6.18.32
command: bash -lc set\ -x\;\ scripts/config\ --enable\ DEBUG_INFO_NONE\ --disable\ DEBUG_INFO_DWARF5\ --disable\ DEBUG_INFO_BTF\;\ make\ olddefconfig\;\ cp\ .config\ /home/azureuser/KernelSlim/configs/03-conservative-no-debug-6.18.32.config

+ scripts/config --enable DEBUG_INFO_NONE --disable DEBUG_INFO_DWARF5 --disable DEBUG_INFO_BTF
+ make olddefconfig
#
# configuration written to .config
#
+ cp .config /home/azureuser/KernelSlim/configs/03-conservative-no-debug-6.18.32.config

exit_code: 0

## 2026-05-17T17:05:28Z
description: Verify conservative no-debug key settings
cwd: /home/azureuser/KernelSlim
command: bash -lc set\ -x\;\ for\ opt\ in\ LOCALVERSION\ DEBUG_INFO\ DEBUG_INFO_NONE\ DEBUG_INFO_DWARF5\ DEBUG_INFO_BTF\ SYSTEM_TRUSTED_KEYS\ SYSTEM_REVOCATION_KEYS\ OVERLAY_FS\ VETH\ BRIDGE\ USER_NS\ NF_TABLES\ VIRTIO_NET\ BLK_DEV_NVME\ ENA_ETHERNET\ GVE\ HYPERV_NET\ MICROSOFT_MANA\;\ do\ grep\ -E\ \"\^\(CONFIG_\$\{opt\}=\|#\ CONFIG_\$\{opt\}\ is\ not\ set\)\"\ configs/03-conservative-no-debug-6.18.32.config\ \|\|\ true\;\ done

+ for opt in LOCALVERSION DEBUG_INFO DEBUG_INFO_NONE DEBUG_INFO_DWARF5 DEBUG_INFO_BTF SYSTEM_TRUSTED_KEYS SYSTEM_REVOCATION_KEYS OVERLAY_FS VETH BRIDGE USER_NS NF_TABLES VIRTIO_NET BLK_DEV_NVME ENA_ETHERNET GVE HYPERV_NET MICROSOFT_MANA
+ grep -E '^(CONFIG_LOCALVERSION=|# CONFIG_LOCALVERSION is not set)' configs/03-conservative-no-debug-6.18.32.config
CONFIG_LOCALVERSION="-kernelslim-conservative"
+ for opt in LOCALVERSION DEBUG_INFO DEBUG_INFO_NONE DEBUG_INFO_DWARF5 DEBUG_INFO_BTF SYSTEM_TRUSTED_KEYS SYSTEM_REVOCATION_KEYS OVERLAY_FS VETH BRIDGE USER_NS NF_TABLES VIRTIO_NET BLK_DEV_NVME ENA_ETHERNET GVE HYPERV_NET MICROSOFT_MANA
+ grep -E '^(CONFIG_DEBUG_INFO=|# CONFIG_DEBUG_INFO is not set)' configs/03-conservative-no-debug-6.18.32.config
+ true
+ for opt in LOCALVERSION DEBUG_INFO DEBUG_INFO_NONE DEBUG_INFO_DWARF5 DEBUG_INFO_BTF SYSTEM_TRUSTED_KEYS SYSTEM_REVOCATION_KEYS OVERLAY_FS VETH BRIDGE USER_NS NF_TABLES VIRTIO_NET BLK_DEV_NVME ENA_ETHERNET GVE HYPERV_NET MICROSOFT_MANA
+ grep -E '^(CONFIG_DEBUG_INFO_NONE=|# CONFIG_DEBUG_INFO_NONE is not set)' configs/03-conservative-no-debug-6.18.32.config
CONFIG_DEBUG_INFO_NONE=y
+ for opt in LOCALVERSION DEBUG_INFO DEBUG_INFO_NONE DEBUG_INFO_DWARF5 DEBUG_INFO_BTF SYSTEM_TRUSTED_KEYS SYSTEM_REVOCATION_KEYS OVERLAY_FS VETH BRIDGE USER_NS NF_TABLES VIRTIO_NET BLK_DEV_NVME ENA_ETHERNET GVE HYPERV_NET MICROSOFT_MANA
+ grep -E '^(CONFIG_DEBUG_INFO_DWARF5=|# CONFIG_DEBUG_INFO_DWARF5 is not set)' configs/03-conservative-no-debug-6.18.32.config
# CONFIG_DEBUG_INFO_DWARF5 is not set
+ for opt in LOCALVERSION DEBUG_INFO DEBUG_INFO_NONE DEBUG_INFO_DWARF5 DEBUG_INFO_BTF SYSTEM_TRUSTED_KEYS SYSTEM_REVOCATION_KEYS OVERLAY_FS VETH BRIDGE USER_NS NF_TABLES VIRTIO_NET BLK_DEV_NVME ENA_ETHERNET GVE HYPERV_NET MICROSOFT_MANA
+ grep -E '^(CONFIG_DEBUG_INFO_BTF=|# CONFIG_DEBUG_INFO_BTF is not set)' configs/03-conservative-no-debug-6.18.32.config
+ true
+ for opt in LOCALVERSION DEBUG_INFO DEBUG_INFO_NONE DEBUG_INFO_DWARF5 DEBUG_INFO_BTF SYSTEM_TRUSTED_KEYS SYSTEM_REVOCATION_KEYS OVERLAY_FS VETH BRIDGE USER_NS NF_TABLES VIRTIO_NET BLK_DEV_NVME ENA_ETHERNET GVE HYPERV_NET MICROSOFT_MANA
+ grep -E '^(CONFIG_SYSTEM_TRUSTED_KEYS=|# CONFIG_SYSTEM_TRUSTED_KEYS is not set)' configs/03-conservative-no-debug-6.18.32.config
CONFIG_SYSTEM_TRUSTED_KEYS=""
+ for opt in LOCALVERSION DEBUG_INFO DEBUG_INFO_NONE DEBUG_INFO_DWARF5 DEBUG_INFO_BTF SYSTEM_TRUSTED_KEYS SYSTEM_REVOCATION_KEYS OVERLAY_FS VETH BRIDGE USER_NS NF_TABLES VIRTIO_NET BLK_DEV_NVME ENA_ETHERNET GVE HYPERV_NET MICROSOFT_MANA
+ grep -E '^(CONFIG_SYSTEM_REVOCATION_KEYS=|# CONFIG_SYSTEM_REVOCATION_KEYS is not set)' configs/03-conservative-no-debug-6.18.32.config
CONFIG_SYSTEM_REVOCATION_KEYS=""
+ for opt in LOCALVERSION DEBUG_INFO DEBUG_INFO_NONE DEBUG_INFO_DWARF5 DEBUG_INFO_BTF SYSTEM_TRUSTED_KEYS SYSTEM_REVOCATION_KEYS OVERLAY_FS VETH BRIDGE USER_NS NF_TABLES VIRTIO_NET BLK_DEV_NVME ENA_ETHERNET GVE HYPERV_NET MICROSOFT_MANA
+ grep -E '^(CONFIG_OVERLAY_FS=|# CONFIG_OVERLAY_FS is not set)' configs/03-conservative-no-debug-6.18.32.config
CONFIG_OVERLAY_FS=y
+ for opt in LOCALVERSION DEBUG_INFO DEBUG_INFO_NONE DEBUG_INFO_DWARF5 DEBUG_INFO_BTF SYSTEM_TRUSTED_KEYS SYSTEM_REVOCATION_KEYS OVERLAY_FS VETH BRIDGE USER_NS NF_TABLES VIRTIO_NET BLK_DEV_NVME ENA_ETHERNET GVE HYPERV_NET MICROSOFT_MANA
+ grep -E '^(CONFIG_VETH=|# CONFIG_VETH is not set)' configs/03-conservative-no-debug-6.18.32.config
CONFIG_VETH=m
+ for opt in LOCALVERSION DEBUG_INFO DEBUG_INFO_NONE DEBUG_INFO_DWARF5 DEBUG_INFO_BTF SYSTEM_TRUSTED_KEYS SYSTEM_REVOCATION_KEYS OVERLAY_FS VETH BRIDGE USER_NS NF_TABLES VIRTIO_NET BLK_DEV_NVME ENA_ETHERNET GVE HYPERV_NET MICROSOFT_MANA
+ grep -E '^(CONFIG_BRIDGE=|# CONFIG_BRIDGE is not set)' configs/03-conservative-no-debug-6.18.32.config
CONFIG_BRIDGE=y
+ for opt in LOCALVERSION DEBUG_INFO DEBUG_INFO_NONE DEBUG_INFO_DWARF5 DEBUG_INFO_BTF SYSTEM_TRUSTED_KEYS SYSTEM_REVOCATION_KEYS OVERLAY_FS VETH BRIDGE USER_NS NF_TABLES VIRTIO_NET BLK_DEV_NVME ENA_ETHERNET GVE HYPERV_NET MICROSOFT_MANA
+ grep -E '^(CONFIG_USER_NS=|# CONFIG_USER_NS is not set)' configs/03-conservative-no-debug-6.18.32.config
CONFIG_USER_NS=y
+ for opt in LOCALVERSION DEBUG_INFO DEBUG_INFO_NONE DEBUG_INFO_DWARF5 DEBUG_INFO_BTF SYSTEM_TRUSTED_KEYS SYSTEM_REVOCATION_KEYS OVERLAY_FS VETH BRIDGE USER_NS NF_TABLES VIRTIO_NET BLK_DEV_NVME ENA_ETHERNET GVE HYPERV_NET MICROSOFT_MANA
+ grep -E '^(CONFIG_NF_TABLES=|# CONFIG_NF_TABLES is not set)' configs/03-conservative-no-debug-6.18.32.config
CONFIG_NF_TABLES=y
+ for opt in LOCALVERSION DEBUG_INFO DEBUG_INFO_NONE DEBUG_INFO_DWARF5 DEBUG_INFO_BTF SYSTEM_TRUSTED_KEYS SYSTEM_REVOCATION_KEYS OVERLAY_FS VETH BRIDGE USER_NS NF_TABLES VIRTIO_NET BLK_DEV_NVME ENA_ETHERNET GVE HYPERV_NET MICROSOFT_MANA
+ grep -E '^(CONFIG_VIRTIO_NET=|# CONFIG_VIRTIO_NET is not set)' configs/03-conservative-no-debug-6.18.32.config
CONFIG_VIRTIO_NET=y
+ for opt in LOCALVERSION DEBUG_INFO DEBUG_INFO_NONE DEBUG_INFO_DWARF5 DEBUG_INFO_BTF SYSTEM_TRUSTED_KEYS SYSTEM_REVOCATION_KEYS OVERLAY_FS VETH BRIDGE USER_NS NF_TABLES VIRTIO_NET BLK_DEV_NVME ENA_ETHERNET GVE HYPERV_NET MICROSOFT_MANA
+ grep -E '^(CONFIG_BLK_DEV_NVME=|# CONFIG_BLK_DEV_NVME is not set)' configs/03-conservative-no-debug-6.18.32.config
CONFIG_BLK_DEV_NVME=y
+ for opt in LOCALVERSION DEBUG_INFO DEBUG_INFO_NONE DEBUG_INFO_DWARF5 DEBUG_INFO_BTF SYSTEM_TRUSTED_KEYS SYSTEM_REVOCATION_KEYS OVERLAY_FS VETH BRIDGE USER_NS NF_TABLES VIRTIO_NET BLK_DEV_NVME ENA_ETHERNET GVE HYPERV_NET MICROSOFT_MANA
+ grep -E '^(CONFIG_ENA_ETHERNET=|# CONFIG_ENA_ETHERNET is not set)' configs/03-conservative-no-debug-6.18.32.config
CONFIG_ENA_ETHERNET=m
+ for opt in LOCALVERSION DEBUG_INFO DEBUG_INFO_NONE DEBUG_INFO_DWARF5 DEBUG_INFO_BTF SYSTEM_TRUSTED_KEYS SYSTEM_REVOCATION_KEYS OVERLAY_FS VETH BRIDGE USER_NS NF_TABLES VIRTIO_NET BLK_DEV_NVME ENA_ETHERNET GVE HYPERV_NET MICROSOFT_MANA
+ grep -E '^(CONFIG_GVE=|# CONFIG_GVE is not set)' configs/03-conservative-no-debug-6.18.32.config
CONFIG_GVE=m
+ for opt in LOCALVERSION DEBUG_INFO DEBUG_INFO_NONE DEBUG_INFO_DWARF5 DEBUG_INFO_BTF SYSTEM_TRUSTED_KEYS SYSTEM_REVOCATION_KEYS OVERLAY_FS VETH BRIDGE USER_NS NF_TABLES VIRTIO_NET BLK_DEV_NVME ENA_ETHERNET GVE HYPERV_NET MICROSOFT_MANA
+ grep -E '^(CONFIG_HYPERV_NET=|# CONFIG_HYPERV_NET is not set)' configs/03-conservative-no-debug-6.18.32.config
CONFIG_HYPERV_NET=m
+ for opt in LOCALVERSION DEBUG_INFO DEBUG_INFO_NONE DEBUG_INFO_DWARF5 DEBUG_INFO_BTF SYSTEM_TRUSTED_KEYS SYSTEM_REVOCATION_KEYS OVERLAY_FS VETH BRIDGE USER_NS NF_TABLES VIRTIO_NET BLK_DEV_NVME ENA_ETHERNET GVE HYPERV_NET MICROSOFT_MANA
+ grep -E '^(CONFIG_MICROSOFT_MANA=|# CONFIG_MICROSOFT_MANA is not set)' configs/03-conservative-no-debug-6.18.32.config
CONFIG_MICROSOFT_MANA=m

exit_code: 0

## 2026-05-17T19:23:43Z
description: Seed source config from 03 conservative no-debug for Azure builtins
cwd: /home/azureuser/KernelSlim
command: cp configs/03-conservative-no-debug-6.18.32.config sources/linux-6.18.32/.config


exit_code: 0

## 2026-05-17T19:23:50Z
description: Create 04 conservative Azure builtins config
cwd: /home/azureuser/KernelSlim/sources/linux-6.18.32
command: bash -lc set\ -x\;\ scripts/config\ --set-str\ LOCALVERSION\ \"-kernelslim-conservative-azure\"\ --enable\ HYPERV\ --enable\ HYPERV_VMBUS\ --enable\ HYPERV_UTILS\ --enable\ HYPERV_BALLOON\ --enable\ PCI_HYPERV\ --enable\ PCI_HYPERV_INTERFACE\ --enable\ HYPERV_STORAGE\ --enable\ HYPERV_NET\ --enable\ MICROSOFT_MANA\ --enable\ VIRTIO\ --enable\ VIRTIO_PCI\ --enable\ VIRTIO_BLK\ --enable\ VIRTIO_NET\ --enable\ SCSI_VIRTIO\ --enable\ BLK_DEV_NVME\ --enable\ NVME_CORE\ --enable\ BLK_DEV_SD\ --enable\ SCSI\ --enable\ EXT4_FS\ --enable\ OVERLAY_FS\ --enable\ VETH\ --enable\ TUN\ --enable\ BRIDGE\ --enable\ NF_TABLES\;\ make\ olddefconfig\;\ cp\ .config\ /home/azureuser/KernelSlim/configs/04-conservative-azure-builtins-6.18.32.config

+ scripts/config --set-str LOCALVERSION -kernelslim-conservative-azure --enable HYPERV --enable HYPERV_VMBUS --enable HYPERV_UTILS --enable HYPERV_BALLOON --enable PCI_HYPERV --enable PCI_HYPERV_INTERFACE --enable HYPERV_STORAGE --enable HYPERV_NET --enable MICROSOFT_MANA --enable VIRTIO --enable VIRTIO_PCI --enable VIRTIO_BLK --enable VIRTIO_NET --enable SCSI_VIRTIO --enable BLK_DEV_NVME --enable NVME_CORE --enable BLK_DEV_SD --enable SCSI --enable EXT4_FS --enable OVERLAY_FS --enable VETH --enable TUN --enable BRIDGE --enable NF_TABLES
+ make olddefconfig
#
# No change to .config
#
+ cp .config /home/azureuser/KernelSlim/configs/04-conservative-azure-builtins-6.18.32.config

exit_code: 0

## 2026-05-17T19:23:57Z
description: Verify 04 Azure builtins config settings
cwd: /home/azureuser/KernelSlim
command: bash -lc set\ -x\;\ for\ opt\ in\ LOCALVERSION\ HYPERV\ HYPERV_VMBUS\ HYPERV_STORAGE\ HYPERV_NET\ MICROSOFT_MANA\ VIRTIO_PCI\ VIRTIO_BLK\ VIRTIO_NET\ SCSI_VIRTIO\ BLK_DEV_NVME\ BLK_DEV_SD\ EXT4_FS\ VETH\ TUN\ OVERLAY_FS\;\ do\ grep\ -E\ \"\^\(CONFIG_\$\{opt\}=\|#\ CONFIG_\$\{opt\}\ is\ not\ set\)\"\ configs/04-conservative-azure-builtins-6.18.32.config\ \|\|\ true\;\ done

+ for opt in LOCALVERSION HYPERV HYPERV_VMBUS HYPERV_STORAGE HYPERV_NET MICROSOFT_MANA VIRTIO_PCI VIRTIO_BLK VIRTIO_NET SCSI_VIRTIO BLK_DEV_NVME BLK_DEV_SD EXT4_FS VETH TUN OVERLAY_FS
+ grep -E '^(CONFIG_LOCALVERSION=|# CONFIG_LOCALVERSION is not set)' configs/04-conservative-azure-builtins-6.18.32.config
CONFIG_LOCALVERSION="-kernelslim-conservative-azure"
+ for opt in LOCALVERSION HYPERV HYPERV_VMBUS HYPERV_STORAGE HYPERV_NET MICROSOFT_MANA VIRTIO_PCI VIRTIO_BLK VIRTIO_NET SCSI_VIRTIO BLK_DEV_NVME BLK_DEV_SD EXT4_FS VETH TUN OVERLAY_FS
+ grep -E '^(CONFIG_HYPERV=|# CONFIG_HYPERV is not set)' configs/04-conservative-azure-builtins-6.18.32.config
CONFIG_HYPERV=y
+ for opt in LOCALVERSION HYPERV HYPERV_VMBUS HYPERV_STORAGE HYPERV_NET MICROSOFT_MANA VIRTIO_PCI VIRTIO_BLK VIRTIO_NET SCSI_VIRTIO BLK_DEV_NVME BLK_DEV_SD EXT4_FS VETH TUN OVERLAY_FS
+ grep -E '^(CONFIG_HYPERV_VMBUS=|# CONFIG_HYPERV_VMBUS is not set)' configs/04-conservative-azure-builtins-6.18.32.config
CONFIG_HYPERV_VMBUS=y
+ for opt in LOCALVERSION HYPERV HYPERV_VMBUS HYPERV_STORAGE HYPERV_NET MICROSOFT_MANA VIRTIO_PCI VIRTIO_BLK VIRTIO_NET SCSI_VIRTIO BLK_DEV_NVME BLK_DEV_SD EXT4_FS VETH TUN OVERLAY_FS
+ grep -E '^(CONFIG_HYPERV_STORAGE=|# CONFIG_HYPERV_STORAGE is not set)' configs/04-conservative-azure-builtins-6.18.32.config
CONFIG_HYPERV_STORAGE=y
+ for opt in LOCALVERSION HYPERV HYPERV_VMBUS HYPERV_STORAGE HYPERV_NET MICROSOFT_MANA VIRTIO_PCI VIRTIO_BLK VIRTIO_NET SCSI_VIRTIO BLK_DEV_NVME BLK_DEV_SD EXT4_FS VETH TUN OVERLAY_FS
+ grep -E '^(CONFIG_HYPERV_NET=|# CONFIG_HYPERV_NET is not set)' configs/04-conservative-azure-builtins-6.18.32.config
CONFIG_HYPERV_NET=y
+ for opt in LOCALVERSION HYPERV HYPERV_VMBUS HYPERV_STORAGE HYPERV_NET MICROSOFT_MANA VIRTIO_PCI VIRTIO_BLK VIRTIO_NET SCSI_VIRTIO BLK_DEV_NVME BLK_DEV_SD EXT4_FS VETH TUN OVERLAY_FS
+ grep -E '^(CONFIG_MICROSOFT_MANA=|# CONFIG_MICROSOFT_MANA is not set)' configs/04-conservative-azure-builtins-6.18.32.config
CONFIG_MICROSOFT_MANA=y
+ for opt in LOCALVERSION HYPERV HYPERV_VMBUS HYPERV_STORAGE HYPERV_NET MICROSOFT_MANA VIRTIO_PCI VIRTIO_BLK VIRTIO_NET SCSI_VIRTIO BLK_DEV_NVME BLK_DEV_SD EXT4_FS VETH TUN OVERLAY_FS
+ grep -E '^(CONFIG_VIRTIO_PCI=|# CONFIG_VIRTIO_PCI is not set)' configs/04-conservative-azure-builtins-6.18.32.config
CONFIG_VIRTIO_PCI=y
+ for opt in LOCALVERSION HYPERV HYPERV_VMBUS HYPERV_STORAGE HYPERV_NET MICROSOFT_MANA VIRTIO_PCI VIRTIO_BLK VIRTIO_NET SCSI_VIRTIO BLK_DEV_NVME BLK_DEV_SD EXT4_FS VETH TUN OVERLAY_FS
+ grep -E '^(CONFIG_VIRTIO_BLK=|# CONFIG_VIRTIO_BLK is not set)' configs/04-conservative-azure-builtins-6.18.32.config
CONFIG_VIRTIO_BLK=y
+ for opt in LOCALVERSION HYPERV HYPERV_VMBUS HYPERV_STORAGE HYPERV_NET MICROSOFT_MANA VIRTIO_PCI VIRTIO_BLK VIRTIO_NET SCSI_VIRTIO BLK_DEV_NVME BLK_DEV_SD EXT4_FS VETH TUN OVERLAY_FS
+ grep -E '^(CONFIG_VIRTIO_NET=|# CONFIG_VIRTIO_NET is not set)' configs/04-conservative-azure-builtins-6.18.32.config
CONFIG_VIRTIO_NET=y
+ for opt in LOCALVERSION HYPERV HYPERV_VMBUS HYPERV_STORAGE HYPERV_NET MICROSOFT_MANA VIRTIO_PCI VIRTIO_BLK VIRTIO_NET SCSI_VIRTIO BLK_DEV_NVME BLK_DEV_SD EXT4_FS VETH TUN OVERLAY_FS
+ grep -E '^(CONFIG_SCSI_VIRTIO=|# CONFIG_SCSI_VIRTIO is not set)' configs/04-conservative-azure-builtins-6.18.32.config
CONFIG_SCSI_VIRTIO=y
+ for opt in LOCALVERSION HYPERV HYPERV_VMBUS HYPERV_STORAGE HYPERV_NET MICROSOFT_MANA VIRTIO_PCI VIRTIO_BLK VIRTIO_NET SCSI_VIRTIO BLK_DEV_NVME BLK_DEV_SD EXT4_FS VETH TUN OVERLAY_FS
+ grep -E '^(CONFIG_BLK_DEV_NVME=|# CONFIG_BLK_DEV_NVME is not set)' configs/04-conservative-azure-builtins-6.18.32.config
CONFIG_BLK_DEV_NVME=y
+ for opt in LOCALVERSION HYPERV HYPERV_VMBUS HYPERV_STORAGE HYPERV_NET MICROSOFT_MANA VIRTIO_PCI VIRTIO_BLK VIRTIO_NET SCSI_VIRTIO BLK_DEV_NVME BLK_DEV_SD EXT4_FS VETH TUN OVERLAY_FS
+ grep -E '^(CONFIG_BLK_DEV_SD=|# CONFIG_BLK_DEV_SD is not set)' configs/04-conservative-azure-builtins-6.18.32.config
CONFIG_BLK_DEV_SD=y
+ for opt in LOCALVERSION HYPERV HYPERV_VMBUS HYPERV_STORAGE HYPERV_NET MICROSOFT_MANA VIRTIO_PCI VIRTIO_BLK VIRTIO_NET SCSI_VIRTIO BLK_DEV_NVME BLK_DEV_SD EXT4_FS VETH TUN OVERLAY_FS
+ grep -E '^(CONFIG_EXT4_FS=|# CONFIG_EXT4_FS is not set)' configs/04-conservative-azure-builtins-6.18.32.config
CONFIG_EXT4_FS=y
+ for opt in LOCALVERSION HYPERV HYPERV_VMBUS HYPERV_STORAGE HYPERV_NET MICROSOFT_MANA VIRTIO_PCI VIRTIO_BLK VIRTIO_NET SCSI_VIRTIO BLK_DEV_NVME BLK_DEV_SD EXT4_FS VETH TUN OVERLAY_FS
+ grep -E '^(CONFIG_VETH=|# CONFIG_VETH is not set)' configs/04-conservative-azure-builtins-6.18.32.config
CONFIG_VETH=y
+ for opt in LOCALVERSION HYPERV HYPERV_VMBUS HYPERV_STORAGE HYPERV_NET MICROSOFT_MANA VIRTIO_PCI VIRTIO_BLK VIRTIO_NET SCSI_VIRTIO BLK_DEV_NVME BLK_DEV_SD EXT4_FS VETH TUN OVERLAY_FS
+ grep -E '^(CONFIG_TUN=|# CONFIG_TUN is not set)' configs/04-conservative-azure-builtins-6.18.32.config
CONFIG_TUN=y
+ for opt in LOCALVERSION HYPERV HYPERV_VMBUS HYPERV_STORAGE HYPERV_NET MICROSOFT_MANA VIRTIO_PCI VIRTIO_BLK VIRTIO_NET SCSI_VIRTIO BLK_DEV_NVME BLK_DEV_SD EXT4_FS VETH TUN OVERLAY_FS
+ grep -E '^(CONFIG_OVERLAY_FS=|# CONFIG_OVERLAY_FS is not set)' configs/04-conservative-azure-builtins-6.18.32.config
CONFIG_OVERLAY_FS=y

exit_code: 0

