## 2026-05-17T19:54:44Z
description: Seed source config from 04 conservative Azure builtins
cwd: /home/azureuser/KernelSlim
command: cp configs/04-conservative-azure-builtins-6.18.32.config sources/linux-6.18.32/.config


exit_code: 0

## 2026-05-17T19:54:59Z
description: Create 05 balanced VM container config
cwd: /home/azureuser/KernelSlim/sources/linux-6.18.32
command: bash -lc set\ -x\;\ scripts/config\ --set-str\ LOCALVERSION\ \"-kernelslim-balanced\"\ --disable\ MEDIA_SUPPORT\ --disable\ SOUND\ --disable\ SND\ --disable\ BT\ --disable\ WIRELESS\ --disable\ WLAN\ --disable\ CFG80211\ --disable\ MAC80211\ --disable\ RFKILL\ --disable\ CAN\ --disable\ HAMRADIO\ --disable\ NFC\ --disable\ INFINIBAND\ --disable\ IEEE802154\ --disable\ 6LOWPAN\ --disable\ CAIF\ --disable\ ATM\ --disable\ X25\ --disable\ LAPB\ --disable\ NETROM\ --disable\ ROSE\ --disable\ ATALK\ --disable\ PHONET\ --disable\ BATMAN_ADV\ --disable\ CEPH_LIB\ --disable\ CEPH_FS\ --disable\ CIFS\ --disable\ NFS_FS\ --disable\ NFSD\ --disable\ AFS_FS\ --disable\ ORANGEFS_FS\ --disable\ GFS2_FS\ --disable\ OCFS2_FS\ --disable\ BTRFS_FS\ --disable\ F2FS_FS\ --disable\ NILFS2_FS\ --disable\ JFFS2_FS\ --disable\ UBIFS_FS\ --disable\ CRAMFS\ --disable\ EROFS_FS\ --disable\ ADFS_FS\ --disable\ AFFS_FS\ --disable\ BEFS_FS\ --disable\ BFS_FS\ --disable\ EFS_FS\ --disable\ HFS_FS\ --disable\ HFSPLUS_FS\ --disable\ HPFS_FS\ --disable\ JFS_FS\ --disable\ MINIX_FS\ --disable\ OMFS_FS\ --disable\ QNX4FS_FS\ --disable\ QNX6FS_FS\ --disable\ REISERFS_FS\ --disable\ ROMFS_FS\ --disable\ UFS_FS\ --disable\ VBOXGUEST\ --disable\ DRM\ --disable\ DRM_PANEL\ --disable\ FB\ --disable\ BACKLIGHT_CLASS_DEVICE\ --disable\ TOUCHSCREEN_PROPERTIES\ --disable\ INPUT_TOUCHSCREEN\ --disable\ INPUT_TABLET\ --disable\ INPUT_JOYSTICK\ --disable\ GAMEPORT\ --disable\ HID_BATTERY_STRENGTH\ --disable\ HIDRAW\ --disable\ USB_HID\ --disable\ HID_GENERIC\ --disable\ I2C_HID\ --disable\ HID_MULTITOUCH\ --disable\ LEDS_CLASS\ --disable\ NEW_LEDS\ --enable\ HYPERV\ --enable\ HYPERV_VMBUS\ --enable\ HYPERV_UTILS\ --enable\ HYPERV_BALLOON\ --enable\ PCI_HYPERV\ --enable\ HYPERV_STORAGE\ --enable\ HYPERV_NET\ --enable\ MICROSOFT_MANA\ --enable\ VIRTIO_PCI\ --enable\ VIRTIO_BLK\ --enable\ VIRTIO_NET\ --enable\ SCSI_VIRTIO\ --enable\ BLK_DEV_NVME\ --enable\ BLK_DEV_SD\ --enable\ EXT4_FS\ --enable\ OVERLAY_FS\ --enable\ VETH\ --enable\ TUN\ --enable\ BRIDGE\ --enable\ NETFILTER\ --enable\ NF_TABLES\ --enable\ IP_NF_IPTABLES\ --enable\ IP6_NF_IPTABLES\ --enable\ SECCOMP\ --enable\ USER_NS\ --enable\ NET_NS\ --enable\ CGROUPS\ --enable\ MEMCG\ --enable\ CGROUP_BPF\;\ make\ olddefconfig\;\ cp\ .config\ /home/azureuser/KernelSlim/configs/05-balanced-vm-containers-6.18.32.config

+ scripts/config --set-str LOCALVERSION -kernelslim-balanced --disable MEDIA_SUPPORT --disable SOUND --disable SND --disable BT --disable WIRELESS --disable WLAN --disable CFG80211 --disable MAC80211 --disable RFKILL --disable CAN --disable HAMRADIO --disable NFC --disable INFINIBAND --disable IEEE802154 --disable 6LOWPAN --disable CAIF --disable ATM --disable X25 --disable LAPB --disable NETROM --disable ROSE --disable ATALK --disable PHONET --disable BATMAN_ADV --disable CEPH_LIB --disable CEPH_FS --disable CIFS --disable NFS_FS --disable NFSD --disable AFS_FS --disable ORANGEFS_FS --disable GFS2_FS --disable OCFS2_FS --disable BTRFS_FS --disable F2FS_FS --disable NILFS2_FS --disable JFFS2_FS --disable UBIFS_FS --disable CRAMFS --disable EROFS_FS --disable ADFS_FS --disable AFFS_FS --disable BEFS_FS --disable BFS_FS --disable EFS_FS --disable HFS_FS --disable HFSPLUS_FS --disable HPFS_FS --disable JFS_FS --disable MINIX_FS --disable OMFS_FS --disable QNX4FS_FS --disable QNX6FS_FS --disable REISERFS_FS --disable ROMFS_FS --disable UFS_FS --disable VBOXGUEST --disable DRM --disable DRM_PANEL --disable FB --disable BACKLIGHT_CLASS_DEVICE --disable TOUCHSCREEN_PROPERTIES --disable INPUT_TOUCHSCREEN --disable INPUT_TABLET --disable INPUT_JOYSTICK --disable GAMEPORT --disable HID_BATTERY_STRENGTH --disable HIDRAW --disable USB_HID --disable HID_GENERIC --disable I2C_HID --disable HID_MULTITOUCH --disable LEDS_CLASS --disable NEW_LEDS --enable HYPERV --enable HYPERV_VMBUS --enable HYPERV_UTILS --enable HYPERV_BALLOON --enable PCI_HYPERV --enable HYPERV_STORAGE --enable HYPERV_NET --enable MICROSOFT_MANA --enable VIRTIO_PCI --enable VIRTIO_BLK --enable VIRTIO_NET --enable SCSI_VIRTIO --enable BLK_DEV_NVME --enable BLK_DEV_SD --enable EXT4_FS --enable OVERLAY_FS --enable VETH --enable TUN --enable BRIDGE --enable NETFILTER --enable NF_TABLES --enable IP_NF_IPTABLES --enable IP6_NF_IPTABLES --enable SECCOMP --enable USER_NS --enable NET_NS --enable CGROUPS --enable MEMCG --enable CGROUP_BPF
+ make olddefconfig
#
# configuration written to .config
#
+ cp .config /home/azureuser/KernelSlim/configs/05-balanced-vm-containers-6.18.32.config

exit_code: 0

## 2026-05-17T19:55:09Z
description: Summarize balanced config against conservative
cwd: /home/azureuser/KernelSlim
command: bash -lc set\ -x\;\ wc\ -l\ configs/04-conservative-azure-builtins-6.18.32.config\ configs/05-balanced-vm-containers-6.18.32.config\;\ diff\ -u\ configs/04-conservative-azure-builtins-6.18.32.config\ configs/05-balanced-vm-containers-6.18.32.config\ \>\ configs/05-balanced-vs-04.diff\ \|\|\ true\;\ wc\ -l\ configs/05-balanced-vs-04.diff\;\ for\ opt\ in\ LOCALVERSION\ HYPERV_STORAGE\ HYPERV_NET\ MICROSOFT_MANA\ VIRTIO_NET\ OVERLAY_FS\ VETH\ TUN\ BRIDGE\ NF_TABLES\ SECCOMP\ USER_NS\ MEDIA_SUPPORT\ SOUND\ BT\ WIRELESS\ WLAN\ CAN\ HAMRADIO\ NFC\ INFINIBAND\ BTRFS_FS\ NFS_FS\ DRM\ FB\;\ do\ grep\ -E\ \"\^\(CONFIG_\$\{opt\}=\|#\ CONFIG_\$\{opt\}\ is\ not\ set\)\"\ configs/05-balanced-vm-containers-6.18.32.config\ \|\|\ true\;\ done

+ wc -l configs/04-conservative-azure-builtins-6.18.32.config configs/05-balanced-vm-containers-6.18.32.config
 14503 configs/04-conservative-azure-builtins-6.18.32.config
 11781 configs/05-balanced-vm-containers-6.18.32.config
 26284 total
+ diff -u configs/04-conservative-azure-builtins-6.18.32.config configs/05-balanced-vm-containers-6.18.32.config
+ true
+ wc -l configs/05-balanced-vs-04.diff
3573 configs/05-balanced-vs-04.diff
+ for opt in LOCALVERSION HYPERV_STORAGE HYPERV_NET MICROSOFT_MANA VIRTIO_NET OVERLAY_FS VETH TUN BRIDGE NF_TABLES SECCOMP USER_NS MEDIA_SUPPORT SOUND BT WIRELESS WLAN CAN HAMRADIO NFC INFINIBAND BTRFS_FS NFS_FS DRM FB
+ grep -E '^(CONFIG_LOCALVERSION=|# CONFIG_LOCALVERSION is not set)' configs/05-balanced-vm-containers-6.18.32.config
CONFIG_LOCALVERSION="-kernelslim-balanced"
+ for opt in LOCALVERSION HYPERV_STORAGE HYPERV_NET MICROSOFT_MANA VIRTIO_NET OVERLAY_FS VETH TUN BRIDGE NF_TABLES SECCOMP USER_NS MEDIA_SUPPORT SOUND BT WIRELESS WLAN CAN HAMRADIO NFC INFINIBAND BTRFS_FS NFS_FS DRM FB
+ grep -E '^(CONFIG_HYPERV_STORAGE=|# CONFIG_HYPERV_STORAGE is not set)' configs/05-balanced-vm-containers-6.18.32.config
CONFIG_HYPERV_STORAGE=y
+ for opt in LOCALVERSION HYPERV_STORAGE HYPERV_NET MICROSOFT_MANA VIRTIO_NET OVERLAY_FS VETH TUN BRIDGE NF_TABLES SECCOMP USER_NS MEDIA_SUPPORT SOUND BT WIRELESS WLAN CAN HAMRADIO NFC INFINIBAND BTRFS_FS NFS_FS DRM FB
+ grep -E '^(CONFIG_HYPERV_NET=|# CONFIG_HYPERV_NET is not set)' configs/05-balanced-vm-containers-6.18.32.config
CONFIG_HYPERV_NET=y
+ for opt in LOCALVERSION HYPERV_STORAGE HYPERV_NET MICROSOFT_MANA VIRTIO_NET OVERLAY_FS VETH TUN BRIDGE NF_TABLES SECCOMP USER_NS MEDIA_SUPPORT SOUND BT WIRELESS WLAN CAN HAMRADIO NFC INFINIBAND BTRFS_FS NFS_FS DRM FB
+ grep -E '^(CONFIG_MICROSOFT_MANA=|# CONFIG_MICROSOFT_MANA is not set)' configs/05-balanced-vm-containers-6.18.32.config
CONFIG_MICROSOFT_MANA=y
+ for opt in LOCALVERSION HYPERV_STORAGE HYPERV_NET MICROSOFT_MANA VIRTIO_NET OVERLAY_FS VETH TUN BRIDGE NF_TABLES SECCOMP USER_NS MEDIA_SUPPORT SOUND BT WIRELESS WLAN CAN HAMRADIO NFC INFINIBAND BTRFS_FS NFS_FS DRM FB
+ grep -E '^(CONFIG_VIRTIO_NET=|# CONFIG_VIRTIO_NET is not set)' configs/05-balanced-vm-containers-6.18.32.config
CONFIG_VIRTIO_NET=y
+ for opt in LOCALVERSION HYPERV_STORAGE HYPERV_NET MICROSOFT_MANA VIRTIO_NET OVERLAY_FS VETH TUN BRIDGE NF_TABLES SECCOMP USER_NS MEDIA_SUPPORT SOUND BT WIRELESS WLAN CAN HAMRADIO NFC INFINIBAND BTRFS_FS NFS_FS DRM FB
+ grep -E '^(CONFIG_OVERLAY_FS=|# CONFIG_OVERLAY_FS is not set)' configs/05-balanced-vm-containers-6.18.32.config
CONFIG_OVERLAY_FS=y
+ for opt in LOCALVERSION HYPERV_STORAGE HYPERV_NET MICROSOFT_MANA VIRTIO_NET OVERLAY_FS VETH TUN BRIDGE NF_TABLES SECCOMP USER_NS MEDIA_SUPPORT SOUND BT WIRELESS WLAN CAN HAMRADIO NFC INFINIBAND BTRFS_FS NFS_FS DRM FB
+ grep -E '^(CONFIG_VETH=|# CONFIG_VETH is not set)' configs/05-balanced-vm-containers-6.18.32.config
CONFIG_VETH=y
+ for opt in LOCALVERSION HYPERV_STORAGE HYPERV_NET MICROSOFT_MANA VIRTIO_NET OVERLAY_FS VETH TUN BRIDGE NF_TABLES SECCOMP USER_NS MEDIA_SUPPORT SOUND BT WIRELESS WLAN CAN HAMRADIO NFC INFINIBAND BTRFS_FS NFS_FS DRM FB
+ grep -E '^(CONFIG_TUN=|# CONFIG_TUN is not set)' configs/05-balanced-vm-containers-6.18.32.config
CONFIG_TUN=y
+ for opt in LOCALVERSION HYPERV_STORAGE HYPERV_NET MICROSOFT_MANA VIRTIO_NET OVERLAY_FS VETH TUN BRIDGE NF_TABLES SECCOMP USER_NS MEDIA_SUPPORT SOUND BT WIRELESS WLAN CAN HAMRADIO NFC INFINIBAND BTRFS_FS NFS_FS DRM FB
+ grep -E '^(CONFIG_BRIDGE=|# CONFIG_BRIDGE is not set)' configs/05-balanced-vm-containers-6.18.32.config
CONFIG_BRIDGE=y
+ for opt in LOCALVERSION HYPERV_STORAGE HYPERV_NET MICROSOFT_MANA VIRTIO_NET OVERLAY_FS VETH TUN BRIDGE NF_TABLES SECCOMP USER_NS MEDIA_SUPPORT SOUND BT WIRELESS WLAN CAN HAMRADIO NFC INFINIBAND BTRFS_FS NFS_FS DRM FB
+ grep -E '^(CONFIG_NF_TABLES=|# CONFIG_NF_TABLES is not set)' configs/05-balanced-vm-containers-6.18.32.config
CONFIG_NF_TABLES=y
+ for opt in LOCALVERSION HYPERV_STORAGE HYPERV_NET MICROSOFT_MANA VIRTIO_NET OVERLAY_FS VETH TUN BRIDGE NF_TABLES SECCOMP USER_NS MEDIA_SUPPORT SOUND BT WIRELESS WLAN CAN HAMRADIO NFC INFINIBAND BTRFS_FS NFS_FS DRM FB
+ grep -E '^(CONFIG_SECCOMP=|# CONFIG_SECCOMP is not set)' configs/05-balanced-vm-containers-6.18.32.config
CONFIG_SECCOMP=y
+ for opt in LOCALVERSION HYPERV_STORAGE HYPERV_NET MICROSOFT_MANA VIRTIO_NET OVERLAY_FS VETH TUN BRIDGE NF_TABLES SECCOMP USER_NS MEDIA_SUPPORT SOUND BT WIRELESS WLAN CAN HAMRADIO NFC INFINIBAND BTRFS_FS NFS_FS DRM FB
+ grep -E '^(CONFIG_USER_NS=|# CONFIG_USER_NS is not set)' configs/05-balanced-vm-containers-6.18.32.config
CONFIG_USER_NS=y
+ for opt in LOCALVERSION HYPERV_STORAGE HYPERV_NET MICROSOFT_MANA VIRTIO_NET OVERLAY_FS VETH TUN BRIDGE NF_TABLES SECCOMP USER_NS MEDIA_SUPPORT SOUND BT WIRELESS WLAN CAN HAMRADIO NFC INFINIBAND BTRFS_FS NFS_FS DRM FB
+ grep -E '^(CONFIG_MEDIA_SUPPORT=|# CONFIG_MEDIA_SUPPORT is not set)' configs/05-balanced-vm-containers-6.18.32.config
# CONFIG_MEDIA_SUPPORT is not set
+ for opt in LOCALVERSION HYPERV_STORAGE HYPERV_NET MICROSOFT_MANA VIRTIO_NET OVERLAY_FS VETH TUN BRIDGE NF_TABLES SECCOMP USER_NS MEDIA_SUPPORT SOUND BT WIRELESS WLAN CAN HAMRADIO NFC INFINIBAND BTRFS_FS NFS_FS DRM FB
+ grep -E '^(CONFIG_SOUND=|# CONFIG_SOUND is not set)' configs/05-balanced-vm-containers-6.18.32.config
# CONFIG_SOUND is not set
+ for opt in LOCALVERSION HYPERV_STORAGE HYPERV_NET MICROSOFT_MANA VIRTIO_NET OVERLAY_FS VETH TUN BRIDGE NF_TABLES SECCOMP USER_NS MEDIA_SUPPORT SOUND BT WIRELESS WLAN CAN HAMRADIO NFC INFINIBAND BTRFS_FS NFS_FS DRM FB
+ grep -E '^(CONFIG_BT=|# CONFIG_BT is not set)' configs/05-balanced-vm-containers-6.18.32.config
# CONFIG_BT is not set
+ for opt in LOCALVERSION HYPERV_STORAGE HYPERV_NET MICROSOFT_MANA VIRTIO_NET OVERLAY_FS VETH TUN BRIDGE NF_TABLES SECCOMP USER_NS MEDIA_SUPPORT SOUND BT WIRELESS WLAN CAN HAMRADIO NFC INFINIBAND BTRFS_FS NFS_FS DRM FB
+ grep -E '^(CONFIG_WIRELESS=|# CONFIG_WIRELESS is not set)' configs/05-balanced-vm-containers-6.18.32.config
# CONFIG_WIRELESS is not set
+ for opt in LOCALVERSION HYPERV_STORAGE HYPERV_NET MICROSOFT_MANA VIRTIO_NET OVERLAY_FS VETH TUN BRIDGE NF_TABLES SECCOMP USER_NS MEDIA_SUPPORT SOUND BT WIRELESS WLAN CAN HAMRADIO NFC INFINIBAND BTRFS_FS NFS_FS DRM FB
+ grep -E '^(CONFIG_WLAN=|# CONFIG_WLAN is not set)' configs/05-balanced-vm-containers-6.18.32.config
# CONFIG_WLAN is not set
+ for opt in LOCALVERSION HYPERV_STORAGE HYPERV_NET MICROSOFT_MANA VIRTIO_NET OVERLAY_FS VETH TUN BRIDGE NF_TABLES SECCOMP USER_NS MEDIA_SUPPORT SOUND BT WIRELESS WLAN CAN HAMRADIO NFC INFINIBAND BTRFS_FS NFS_FS DRM FB
+ grep -E '^(CONFIG_CAN=|# CONFIG_CAN is not set)' configs/05-balanced-vm-containers-6.18.32.config
# CONFIG_CAN is not set
+ for opt in LOCALVERSION HYPERV_STORAGE HYPERV_NET MICROSOFT_MANA VIRTIO_NET OVERLAY_FS VETH TUN BRIDGE NF_TABLES SECCOMP USER_NS MEDIA_SUPPORT SOUND BT WIRELESS WLAN CAN HAMRADIO NFC INFINIBAND BTRFS_FS NFS_FS DRM FB
+ grep -E '^(CONFIG_HAMRADIO=|# CONFIG_HAMRADIO is not set)' configs/05-balanced-vm-containers-6.18.32.config
# CONFIG_HAMRADIO is not set
+ for opt in LOCALVERSION HYPERV_STORAGE HYPERV_NET MICROSOFT_MANA VIRTIO_NET OVERLAY_FS VETH TUN BRIDGE NF_TABLES SECCOMP USER_NS MEDIA_SUPPORT SOUND BT WIRELESS WLAN CAN HAMRADIO NFC INFINIBAND BTRFS_FS NFS_FS DRM FB
+ grep -E '^(CONFIG_NFC=|# CONFIG_NFC is not set)' configs/05-balanced-vm-containers-6.18.32.config
# CONFIG_NFC is not set
+ for opt in LOCALVERSION HYPERV_STORAGE HYPERV_NET MICROSOFT_MANA VIRTIO_NET OVERLAY_FS VETH TUN BRIDGE NF_TABLES SECCOMP USER_NS MEDIA_SUPPORT SOUND BT WIRELESS WLAN CAN HAMRADIO NFC INFINIBAND BTRFS_FS NFS_FS DRM FB
+ grep -E '^(CONFIG_INFINIBAND=|# CONFIG_INFINIBAND is not set)' configs/05-balanced-vm-containers-6.18.32.config
# CONFIG_INFINIBAND is not set
+ for opt in LOCALVERSION HYPERV_STORAGE HYPERV_NET MICROSOFT_MANA VIRTIO_NET OVERLAY_FS VETH TUN BRIDGE NF_TABLES SECCOMP USER_NS MEDIA_SUPPORT SOUND BT WIRELESS WLAN CAN HAMRADIO NFC INFINIBAND BTRFS_FS NFS_FS DRM FB
+ grep -E '^(CONFIG_BTRFS_FS=|# CONFIG_BTRFS_FS is not set)' configs/05-balanced-vm-containers-6.18.32.config
# CONFIG_BTRFS_FS is not set
+ for opt in LOCALVERSION HYPERV_STORAGE HYPERV_NET MICROSOFT_MANA VIRTIO_NET OVERLAY_FS VETH TUN BRIDGE NF_TABLES SECCOMP USER_NS MEDIA_SUPPORT SOUND BT WIRELESS WLAN CAN HAMRADIO NFC INFINIBAND BTRFS_FS NFS_FS DRM FB
+ grep -E '^(CONFIG_NFS_FS=|# CONFIG_NFS_FS is not set)' configs/05-balanced-vm-containers-6.18.32.config
# CONFIG_NFS_FS is not set
+ for opt in LOCALVERSION HYPERV_STORAGE HYPERV_NET MICROSOFT_MANA VIRTIO_NET OVERLAY_FS VETH TUN BRIDGE NF_TABLES SECCOMP USER_NS MEDIA_SUPPORT SOUND BT WIRELESS WLAN CAN HAMRADIO NFC INFINIBAND BTRFS_FS NFS_FS DRM FB
+ grep -E '^(CONFIG_DRM=|# CONFIG_DRM is not set)' configs/05-balanced-vm-containers-6.18.32.config
# CONFIG_DRM is not set
+ for opt in LOCALVERSION HYPERV_STORAGE HYPERV_NET MICROSOFT_MANA VIRTIO_NET OVERLAY_FS VETH TUN BRIDGE NF_TABLES SECCOMP USER_NS MEDIA_SUPPORT SOUND BT WIRELESS WLAN CAN HAMRADIO NFC INFINIBAND BTRFS_FS NFS_FS DRM FB
+ grep -E '^(CONFIG_FB=|# CONFIG_FB is not set)' configs/05-balanced-vm-containers-6.18.32.config
# CONFIG_FB is not set

exit_code: 0

