## 2026-05-17T20:39:18Z
description: Seed source config from 05 balanced config
cwd: /home/azureuser/KernelSlim
command: cp configs/05-balanced-vm-containers-6.18.32.config sources/linux-6.18.32/.config


exit_code: 0

## 2026-05-17T20:39:36Z
description: Create 06 aggressive VM container config
cwd: /home/azureuser/KernelSlim/sources/linux-6.18.32
command: bash -lc set\ -x\;\ scripts/config\ --set-str\ LOCALVERSION\ \"-kernelslim-aggressive\"\ --disable\ NET_DSA\ --disable\ MPLS\ --disable\ L2TP\ --disable\ SCTP\ --disable\ RDS\ --disable\ TIPC\ --disable\ OPENVSWITCH\ --disable\ VSOCKETS\ --disable\ VIRTIO_VSOCKETS\ --disable\ HYPERV_VSOCKETS\ --disable\ VMWARE_VMCI_VSOCKETS\ --disable\ QRTR\ --disable\ HSR\ --disable\ NET_NSH\ --disable\ KCM\ --disable\ MPTCP\ --disable\ TLS\ --disable\ XFRM_USER\ --disable\ XFRM_INTERFACE\ --disable\ NET_KEY\ --disable\ INET_AH\ --disable\ INET_ESP\ --disable\ INET_IPCOMP\ --disable\ IPV6_AH\ --disable\ IPV6_ESP\ --disable\ IPV6_IPCOMP\ --disable\ IP_VS\ --disable\ NET_SCHED\ --disable\ NET_CLS\ --disable\ NET_ACT\ --disable\ NET_PKTGEN\ --disable\ AF_RXRPC\ --disable\ 9P_FS\ --disable\ NET_9P\ --disable\ FUSE_FS\ --disable\ CUSE\ --disable\ AUTOFS_FS\ --disable\ ISO9660_FS\ --disable\ UDF_FS\ --disable\ MSDOS_FS\ --disable\ VFAT_FS\ --disable\ EXFAT_FS\ --disable\ NTFS3_FS\ --disable\ TMPFS_XATTR\ --disable\ HUGETLBFS\ --disable\ CONFIGFS_FS\ --disable\ USB_SUPPORT\ --disable\ USB_COMMON\ --disable\ USB\ --disable\ TYPEC\ --disable\ MMC\ --disable\ FIREWIRE\ --disable\ THUNDERBOLT\ --disable\ RAPIDIO\ --disable\ AUXDISPLAY\ --disable\ MTD\ --disable\ EEPROM_93CX6\ --disable\ I2C\ --disable\ SPI\ --disable\ GPIO_CDEV\ --disable\ PPS\ --disable\ PTP_1588_CLOCK_OPTIONAL\ --disable\ EDAC\ --disable\ RAS\ --disable\ CHROME_PLATFORMS\ --disable\ VHOST_NET\ --disable\ VHOST_VSOCK\ --enable\ HYPERV\ --enable\ HYPERV_VMBUS\ --enable\ HYPERV_UTILS\ --enable\ HYPERV_BALLOON\ --enable\ PCI_HYPERV\ --enable\ HYPERV_STORAGE\ --enable\ HYPERV_NET\ --enable\ MICROSOFT_MANA\ --enable\ VIRTIO_PCI\ --enable\ VIRTIO_BLK\ --enable\ VIRTIO_NET\ --enable\ SCSI_VIRTIO\ --enable\ BLK_DEV_NVME\ --enable\ BLK_DEV_SD\ --enable\ EXT4_FS\ --enable\ TMPFS\ --enable\ PROC_FS\ --enable\ SYSFS\ --enable\ DEVTMPFS\ --enable\ OVERLAY_FS\ --enable\ VETH\ --enable\ TUN\ --enable\ BRIDGE\ --enable\ NETFILTER\ --enable\ NF_TABLES\ --enable\ NF_NAT\ --enable\ NF_CONNTRACK\ --enable\ IP_NF_IPTABLES\ --enable\ IP_NF_FILTER\ --enable\ IP_NF_NAT\ --enable\ IP6_NF_IPTABLES\ --enable\ IP6_NF_FILTER\ --enable\ IP6_NF_NAT\ --enable\ SECCOMP\ --enable\ SECCOMP_FILTER\ --enable\ BPF\ --enable\ BPF_SYSCALL\ --enable\ BPF_JIT\ --enable\ USER_NS\ --enable\ NET_NS\ --enable\ PID_NS\ --enable\ IPC_NS\ --enable\ UTS_NS\ --enable\ CGROUPS\ --enable\ MEMCG\ --enable\ CGROUP_BPF\ --enable\ CGROUP_PIDS\ --enable\ CGROUP_FREEZER\ --enable\ CPUSETS\ --enable\ BLK_CGROUP\;\ make\ olddefconfig\;\ cp\ .config\ /home/azureuser/KernelSlim/configs/06-aggressive-vm-containers-6.18.32.config

+ scripts/config --set-str LOCALVERSION -kernelslim-aggressive --disable NET_DSA --disable MPLS --disable L2TP --disable SCTP --disable RDS --disable TIPC --disable OPENVSWITCH --disable VSOCKETS --disable VIRTIO_VSOCKETS --disable HYPERV_VSOCKETS --disable VMWARE_VMCI_VSOCKETS --disable QRTR --disable HSR --disable NET_NSH --disable KCM --disable MPTCP --disable TLS --disable XFRM_USER --disable XFRM_INTERFACE --disable NET_KEY --disable INET_AH --disable INET_ESP --disable INET_IPCOMP --disable IPV6_AH --disable IPV6_ESP --disable IPV6_IPCOMP --disable IP_VS --disable NET_SCHED --disable NET_CLS --disable NET_ACT --disable NET_PKTGEN --disable AF_RXRPC --disable 9P_FS --disable NET_9P --disable FUSE_FS --disable CUSE --disable AUTOFS_FS --disable ISO9660_FS --disable UDF_FS --disable MSDOS_FS --disable VFAT_FS --disable EXFAT_FS --disable NTFS3_FS --disable TMPFS_XATTR --disable HUGETLBFS --disable CONFIGFS_FS --disable USB_SUPPORT --disable USB_COMMON --disable USB --disable TYPEC --disable MMC --disable FIREWIRE --disable THUNDERBOLT --disable RAPIDIO --disable AUXDISPLAY --disable MTD --disable EEPROM_93CX6 --disable I2C --disable SPI --disable GPIO_CDEV --disable PPS --disable PTP_1588_CLOCK_OPTIONAL --disable EDAC --disable RAS --disable CHROME_PLATFORMS --disable VHOST_NET --disable VHOST_VSOCK --enable HYPERV --enable HYPERV_VMBUS --enable HYPERV_UTILS --enable HYPERV_BALLOON --enable PCI_HYPERV --enable HYPERV_STORAGE --enable HYPERV_NET --enable MICROSOFT_MANA --enable VIRTIO_PCI --enable VIRTIO_BLK --enable VIRTIO_NET --enable SCSI_VIRTIO --enable BLK_DEV_NVME --enable BLK_DEV_SD --enable EXT4_FS --enable TMPFS --enable PROC_FS --enable SYSFS --enable DEVTMPFS --enable OVERLAY_FS --enable VETH --enable TUN --enable BRIDGE --enable NETFILTER --enable NF_TABLES --enable NF_NAT --enable NF_CONNTRACK --enable IP_NF_IPTABLES --enable IP_NF_FILTER --enable IP_NF_NAT --enable IP6_NF_IPTABLES --enable IP6_NF_FILTER --enable IP6_NF_NAT --enable SECCOMP --enable SECCOMP_FILTER --enable BPF --enable BPF_SYSCALL --enable BPF_JIT --enable USER_NS --enable NET_NS --enable PID_NS --enable IPC_NS --enable UTS_NS --enable CGROUPS --enable MEMCG --enable CGROUP_BPF --enable CGROUP_PIDS --enable CGROUP_FREEZER --enable CPUSETS --enable BLK_CGROUP
+ make olddefconfig
#
# configuration written to .config
#
+ cp .config /home/azureuser/KernelSlim/configs/06-aggressive-vm-containers-6.18.32.config

exit_code: 0

## 2026-05-17T20:39:47Z
description: Summarize aggressive config against balanced
cwd: /home/azureuser/KernelSlim
command: bash -lc set\ -x\;\ wc\ -l\ configs/05-balanced-vm-containers-6.18.32.config\ configs/06-aggressive-vm-containers-6.18.32.config\;\ diff\ -u\ configs/05-balanced-vm-containers-6.18.32.config\ configs/06-aggressive-vm-containers-6.18.32.config\ \>\ configs/06-aggressive-vs-05.diff\ \|\|\ true\;\ wc\ -l\ configs/06-aggressive-vs-05.diff\;\ for\ opt\ in\ LOCALVERSION\ HYPERV_STORAGE\ HYPERV_NET\ MICROSOFT_MANA\ VIRTIO_NET\ OVERLAY_FS\ VETH\ TUN\ BRIDGE\ NF_TABLES\ NF_NAT\ NF_CONNTRACK\ SECCOMP\ USER_NS\ CGROUPS\ FUSE_FS\ NET_DSA\ MPLS\ L2TP\ SCTP\ OPENVSWITCH\ VSOCKETS\ NET_9P\ USB_SUPPORT\ I2C\ SPI\ NET_SCHED\;\ do\ grep\ -E\ \"\^\(CONFIG_\$\{opt\}=\|#\ CONFIG_\$\{opt\}\ is\ not\ set\)\"\ configs/06-aggressive-vm-containers-6.18.32.config\ \|\|\ true\;\ done

+ wc -l configs/05-balanced-vm-containers-6.18.32.config configs/06-aggressive-vm-containers-6.18.32.config
 11781 configs/05-balanced-vm-containers-6.18.32.config
  9925 configs/06-aggressive-vm-containers-6.18.32.config
 21706 total
+ diff -u configs/05-balanced-vm-containers-6.18.32.config configs/06-aggressive-vm-containers-6.18.32.config
+ true
+ wc -l configs/06-aggressive-vs-05.diff
3947 configs/06-aggressive-vs-05.diff
+ for opt in LOCALVERSION HYPERV_STORAGE HYPERV_NET MICROSOFT_MANA VIRTIO_NET OVERLAY_FS VETH TUN BRIDGE NF_TABLES NF_NAT NF_CONNTRACK SECCOMP USER_NS CGROUPS FUSE_FS NET_DSA MPLS L2TP SCTP OPENVSWITCH VSOCKETS NET_9P USB_SUPPORT I2C SPI NET_SCHED
+ grep -E '^(CONFIG_LOCALVERSION=|# CONFIG_LOCALVERSION is not set)' configs/06-aggressive-vm-containers-6.18.32.config
CONFIG_LOCALVERSION="-kernelslim-aggressive"
+ for opt in LOCALVERSION HYPERV_STORAGE HYPERV_NET MICROSOFT_MANA VIRTIO_NET OVERLAY_FS VETH TUN BRIDGE NF_TABLES NF_NAT NF_CONNTRACK SECCOMP USER_NS CGROUPS FUSE_FS NET_DSA MPLS L2TP SCTP OPENVSWITCH VSOCKETS NET_9P USB_SUPPORT I2C SPI NET_SCHED
+ grep -E '^(CONFIG_HYPERV_STORAGE=|# CONFIG_HYPERV_STORAGE is not set)' configs/06-aggressive-vm-containers-6.18.32.config
CONFIG_HYPERV_STORAGE=y
+ for opt in LOCALVERSION HYPERV_STORAGE HYPERV_NET MICROSOFT_MANA VIRTIO_NET OVERLAY_FS VETH TUN BRIDGE NF_TABLES NF_NAT NF_CONNTRACK SECCOMP USER_NS CGROUPS FUSE_FS NET_DSA MPLS L2TP SCTP OPENVSWITCH VSOCKETS NET_9P USB_SUPPORT I2C SPI NET_SCHED
+ grep -E '^(CONFIG_HYPERV_NET=|# CONFIG_HYPERV_NET is not set)' configs/06-aggressive-vm-containers-6.18.32.config
CONFIG_HYPERV_NET=y
+ for opt in LOCALVERSION HYPERV_STORAGE HYPERV_NET MICROSOFT_MANA VIRTIO_NET OVERLAY_FS VETH TUN BRIDGE NF_TABLES NF_NAT NF_CONNTRACK SECCOMP USER_NS CGROUPS FUSE_FS NET_DSA MPLS L2TP SCTP OPENVSWITCH VSOCKETS NET_9P USB_SUPPORT I2C SPI NET_SCHED
+ grep -E '^(CONFIG_MICROSOFT_MANA=|# CONFIG_MICROSOFT_MANA is not set)' configs/06-aggressive-vm-containers-6.18.32.config
CONFIG_MICROSOFT_MANA=y
+ for opt in LOCALVERSION HYPERV_STORAGE HYPERV_NET MICROSOFT_MANA VIRTIO_NET OVERLAY_FS VETH TUN BRIDGE NF_TABLES NF_NAT NF_CONNTRACK SECCOMP USER_NS CGROUPS FUSE_FS NET_DSA MPLS L2TP SCTP OPENVSWITCH VSOCKETS NET_9P USB_SUPPORT I2C SPI NET_SCHED
+ grep -E '^(CONFIG_VIRTIO_NET=|# CONFIG_VIRTIO_NET is not set)' configs/06-aggressive-vm-containers-6.18.32.config
CONFIG_VIRTIO_NET=y
+ for opt in LOCALVERSION HYPERV_STORAGE HYPERV_NET MICROSOFT_MANA VIRTIO_NET OVERLAY_FS VETH TUN BRIDGE NF_TABLES NF_NAT NF_CONNTRACK SECCOMP USER_NS CGROUPS FUSE_FS NET_DSA MPLS L2TP SCTP OPENVSWITCH VSOCKETS NET_9P USB_SUPPORT I2C SPI NET_SCHED
+ grep -E '^(CONFIG_OVERLAY_FS=|# CONFIG_OVERLAY_FS is not set)' configs/06-aggressive-vm-containers-6.18.32.config
CONFIG_OVERLAY_FS=y
+ for opt in LOCALVERSION HYPERV_STORAGE HYPERV_NET MICROSOFT_MANA VIRTIO_NET OVERLAY_FS VETH TUN BRIDGE NF_TABLES NF_NAT NF_CONNTRACK SECCOMP USER_NS CGROUPS FUSE_FS NET_DSA MPLS L2TP SCTP OPENVSWITCH VSOCKETS NET_9P USB_SUPPORT I2C SPI NET_SCHED
+ grep -E '^(CONFIG_VETH=|# CONFIG_VETH is not set)' configs/06-aggressive-vm-containers-6.18.32.config
CONFIG_VETH=y
+ for opt in LOCALVERSION HYPERV_STORAGE HYPERV_NET MICROSOFT_MANA VIRTIO_NET OVERLAY_FS VETH TUN BRIDGE NF_TABLES NF_NAT NF_CONNTRACK SECCOMP USER_NS CGROUPS FUSE_FS NET_DSA MPLS L2TP SCTP OPENVSWITCH VSOCKETS NET_9P USB_SUPPORT I2C SPI NET_SCHED
+ grep -E '^(CONFIG_TUN=|# CONFIG_TUN is not set)' configs/06-aggressive-vm-containers-6.18.32.config
CONFIG_TUN=y
+ for opt in LOCALVERSION HYPERV_STORAGE HYPERV_NET MICROSOFT_MANA VIRTIO_NET OVERLAY_FS VETH TUN BRIDGE NF_TABLES NF_NAT NF_CONNTRACK SECCOMP USER_NS CGROUPS FUSE_FS NET_DSA MPLS L2TP SCTP OPENVSWITCH VSOCKETS NET_9P USB_SUPPORT I2C SPI NET_SCHED
+ grep -E '^(CONFIG_BRIDGE=|# CONFIG_BRIDGE is not set)' configs/06-aggressive-vm-containers-6.18.32.config
CONFIG_BRIDGE=y
+ for opt in LOCALVERSION HYPERV_STORAGE HYPERV_NET MICROSOFT_MANA VIRTIO_NET OVERLAY_FS VETH TUN BRIDGE NF_TABLES NF_NAT NF_CONNTRACK SECCOMP USER_NS CGROUPS FUSE_FS NET_DSA MPLS L2TP SCTP OPENVSWITCH VSOCKETS NET_9P USB_SUPPORT I2C SPI NET_SCHED
+ grep -E '^(CONFIG_NF_TABLES=|# CONFIG_NF_TABLES is not set)' configs/06-aggressive-vm-containers-6.18.32.config
CONFIG_NF_TABLES=y
+ for opt in LOCALVERSION HYPERV_STORAGE HYPERV_NET MICROSOFT_MANA VIRTIO_NET OVERLAY_FS VETH TUN BRIDGE NF_TABLES NF_NAT NF_CONNTRACK SECCOMP USER_NS CGROUPS FUSE_FS NET_DSA MPLS L2TP SCTP OPENVSWITCH VSOCKETS NET_9P USB_SUPPORT I2C SPI NET_SCHED
+ grep -E '^(CONFIG_NF_NAT=|# CONFIG_NF_NAT is not set)' configs/06-aggressive-vm-containers-6.18.32.config
+ for opt in LOCALVERSION HYPERV_STORAGE HYPERV_NET MICROSOFT_MANA VIRTIO_NET OVERLAY_FS VETH TUN BRIDGE NF_TABLES NF_NAT NF_CONNTRACK SECCOMP USER_NS CGROUPS FUSE_FS NET_DSA MPLS L2TP SCTP OPENVSWITCH VSOCKETS NET_9P USB_SUPPORT I2C SPI NET_SCHED
+ grep -E '^(CONFIG_NF_CONNTRACK=|# CONFIG_NF_CONNTRACK is not set)' configs/06-aggressive-vm-containers-6.18.32.config
+ for opt in LOCALVERSION HYPERV_STORAGE HYPERV_NET MICROSOFT_MANA VIRTIO_NET OVERLAY_FS VETH TUN BRIDGE NF_TABLES NF_NAT NF_CONNTRACK SECCOMP USER_NS CGROUPS FUSE_FS NET_DSA MPLS L2TP SCTP OPENVSWITCH VSOCKETS NET_9P USB_SUPPORT I2C SPI NET_SCHED
+ grep -E '^(CONFIG_SECCOMP=|# CONFIG_SECCOMP is not set)' configs/06-aggressive-vm-containers-6.18.32.config
CONFIG_NF_NAT=y
CONFIG_NF_CONNTRACK=y
CONFIG_SECCOMP=y
+ for opt in LOCALVERSION HYPERV_STORAGE HYPERV_NET MICROSOFT_MANA VIRTIO_NET OVERLAY_FS VETH TUN BRIDGE NF_TABLES NF_NAT NF_CONNTRACK SECCOMP USER_NS CGROUPS FUSE_FS NET_DSA MPLS L2TP SCTP OPENVSWITCH VSOCKETS NET_9P USB_SUPPORT I2C SPI NET_SCHED
+ grep -E '^(CONFIG_USER_NS=|# CONFIG_USER_NS is not set)' configs/06-aggressive-vm-containers-6.18.32.config
CONFIG_USER_NS=y
+ for opt in LOCALVERSION HYPERV_STORAGE HYPERV_NET MICROSOFT_MANA VIRTIO_NET OVERLAY_FS VETH TUN BRIDGE NF_TABLES NF_NAT NF_CONNTRACK SECCOMP USER_NS CGROUPS FUSE_FS NET_DSA MPLS L2TP SCTP OPENVSWITCH VSOCKETS NET_9P USB_SUPPORT I2C SPI NET_SCHED
+ grep -E '^(CONFIG_CGROUPS=|# CONFIG_CGROUPS is not set)' configs/06-aggressive-vm-containers-6.18.32.config
CONFIG_CGROUPS=y
+ for opt in LOCALVERSION HYPERV_STORAGE HYPERV_NET MICROSOFT_MANA VIRTIO_NET OVERLAY_FS VETH TUN BRIDGE NF_TABLES NF_NAT NF_CONNTRACK SECCOMP USER_NS CGROUPS FUSE_FS NET_DSA MPLS L2TP SCTP OPENVSWITCH VSOCKETS NET_9P USB_SUPPORT I2C SPI NET_SCHED
+ grep -E '^(CONFIG_FUSE_FS=|# CONFIG_FUSE_FS is not set)' configs/06-aggressive-vm-containers-6.18.32.config
# CONFIG_FUSE_FS is not set
+ for opt in LOCALVERSION HYPERV_STORAGE HYPERV_NET MICROSOFT_MANA VIRTIO_NET OVERLAY_FS VETH TUN BRIDGE NF_TABLES NF_NAT NF_CONNTRACK SECCOMP USER_NS CGROUPS FUSE_FS NET_DSA MPLS L2TP SCTP OPENVSWITCH VSOCKETS NET_9P USB_SUPPORT I2C SPI NET_SCHED
+ grep -E '^(CONFIG_NET_DSA=|# CONFIG_NET_DSA is not set)' configs/06-aggressive-vm-containers-6.18.32.config
# CONFIG_NET_DSA is not set
+ for opt in LOCALVERSION HYPERV_STORAGE HYPERV_NET MICROSOFT_MANA VIRTIO_NET OVERLAY_FS VETH TUN BRIDGE NF_TABLES NF_NAT NF_CONNTRACK SECCOMP USER_NS CGROUPS FUSE_FS NET_DSA MPLS L2TP SCTP OPENVSWITCH VSOCKETS NET_9P USB_SUPPORT I2C SPI NET_SCHED
+ grep -E '^(CONFIG_MPLS=|# CONFIG_MPLS is not set)' configs/06-aggressive-vm-containers-6.18.32.config
# CONFIG_MPLS is not set
+ for opt in LOCALVERSION HYPERV_STORAGE HYPERV_NET MICROSOFT_MANA VIRTIO_NET OVERLAY_FS VETH TUN BRIDGE NF_TABLES NF_NAT NF_CONNTRACK SECCOMP USER_NS CGROUPS FUSE_FS NET_DSA MPLS L2TP SCTP OPENVSWITCH VSOCKETS NET_9P USB_SUPPORT I2C SPI NET_SCHED
+ grep -E '^(CONFIG_L2TP=|# CONFIG_L2TP is not set)' configs/06-aggressive-vm-containers-6.18.32.config
# CONFIG_L2TP is not set
+ for opt in LOCALVERSION HYPERV_STORAGE HYPERV_NET MICROSOFT_MANA VIRTIO_NET OVERLAY_FS VETH TUN BRIDGE NF_TABLES NF_NAT NF_CONNTRACK SECCOMP USER_NS CGROUPS FUSE_FS NET_DSA MPLS L2TP SCTP OPENVSWITCH VSOCKETS NET_9P USB_SUPPORT I2C SPI NET_SCHED
+ grep -E '^(CONFIG_SCTP=|# CONFIG_SCTP is not set)' configs/06-aggressive-vm-containers-6.18.32.config
+ true
+ for opt in LOCALVERSION HYPERV_STORAGE HYPERV_NET MICROSOFT_MANA VIRTIO_NET OVERLAY_FS VETH TUN BRIDGE NF_TABLES NF_NAT NF_CONNTRACK SECCOMP USER_NS CGROUPS FUSE_FS NET_DSA MPLS L2TP SCTP OPENVSWITCH VSOCKETS NET_9P USB_SUPPORT I2C SPI NET_SCHED
+ grep -E '^(CONFIG_OPENVSWITCH=|# CONFIG_OPENVSWITCH is not set)' configs/06-aggressive-vm-containers-6.18.32.config
# CONFIG_OPENVSWITCH is not set
+ for opt in LOCALVERSION HYPERV_STORAGE HYPERV_NET MICROSOFT_MANA VIRTIO_NET OVERLAY_FS VETH TUN BRIDGE NF_TABLES NF_NAT NF_CONNTRACK SECCOMP USER_NS CGROUPS FUSE_FS NET_DSA MPLS L2TP SCTP OPENVSWITCH VSOCKETS NET_9P USB_SUPPORT I2C SPI NET_SCHED
+ grep -E '^(CONFIG_VSOCKETS=|# CONFIG_VSOCKETS is not set)' configs/06-aggressive-vm-containers-6.18.32.config
# CONFIG_VSOCKETS is not set
+ for opt in LOCALVERSION HYPERV_STORAGE HYPERV_NET MICROSOFT_MANA VIRTIO_NET OVERLAY_FS VETH TUN BRIDGE NF_TABLES NF_NAT NF_CONNTRACK SECCOMP USER_NS CGROUPS FUSE_FS NET_DSA MPLS L2TP SCTP OPENVSWITCH VSOCKETS NET_9P USB_SUPPORT I2C SPI NET_SCHED
+ grep -E '^(CONFIG_NET_9P=|# CONFIG_NET_9P is not set)' configs/06-aggressive-vm-containers-6.18.32.config
# CONFIG_NET_9P is not set
+ for opt in LOCALVERSION HYPERV_STORAGE HYPERV_NET MICROSOFT_MANA VIRTIO_NET OVERLAY_FS VETH TUN BRIDGE NF_TABLES NF_NAT NF_CONNTRACK SECCOMP USER_NS CGROUPS FUSE_FS NET_DSA MPLS L2TP SCTP OPENVSWITCH VSOCKETS NET_9P USB_SUPPORT I2C SPI NET_SCHED
+ grep -E '^(CONFIG_USB_SUPPORT=|# CONFIG_USB_SUPPORT is not set)' configs/06-aggressive-vm-containers-6.18.32.config
# CONFIG_USB_SUPPORT is not set
+ for opt in LOCALVERSION HYPERV_STORAGE HYPERV_NET MICROSOFT_MANA VIRTIO_NET OVERLAY_FS VETH TUN BRIDGE NF_TABLES NF_NAT NF_CONNTRACK SECCOMP USER_NS CGROUPS FUSE_FS NET_DSA MPLS L2TP SCTP OPENVSWITCH VSOCKETS NET_9P USB_SUPPORT I2C SPI NET_SCHED
+ grep -E '^(CONFIG_I2C=|# CONFIG_I2C is not set)' configs/06-aggressive-vm-containers-6.18.32.config
CONFIG_I2C=m
+ for opt in LOCALVERSION HYPERV_STORAGE HYPERV_NET MICROSOFT_MANA VIRTIO_NET OVERLAY_FS VETH TUN BRIDGE NF_TABLES NF_NAT NF_CONNTRACK SECCOMP USER_NS CGROUPS FUSE_FS NET_DSA MPLS L2TP SCTP OPENVSWITCH VSOCKETS NET_9P USB_SUPPORT I2C SPI NET_SCHED
+ grep -E '^(CONFIG_SPI=|# CONFIG_SPI is not set)' configs/06-aggressive-vm-containers-6.18.32.config
# CONFIG_SPI is not set
+ for opt in LOCALVERSION HYPERV_STORAGE HYPERV_NET MICROSOFT_MANA VIRTIO_NET OVERLAY_FS VETH TUN BRIDGE NF_TABLES NF_NAT NF_CONNTRACK SECCOMP USER_NS CGROUPS FUSE_FS NET_DSA MPLS L2TP SCTP OPENVSWITCH VSOCKETS NET_9P USB_SUPPORT I2C SPI NET_SCHED
+ grep -E '^(CONFIG_NET_SCHED=|# CONFIG_NET_SCHED is not set)' configs/06-aggressive-vm-containers-6.18.32.config
# CONFIG_NET_SCHED is not set

exit_code: 0

